// Jest Snapshot v1, https://goo.gl/fbAQLP

exports[`composition.swift 1`] = `
typealias AB = A & B
~~~~~~~~~~~~~~~~~~~~~~~~~~~~~~~~~~~~~~~~~~~~~~~~~~~~~~~~~~~~~~~~~~~~~~~~~~~~~~~~
typealias AB = A & B

`;
