// Jest Snapshot v1, https://goo.gl/fbAQLP

exports[`init.swift 1`] = `
class SomeClass {
    init() {

    }

    public init() {

    }

    private init?() {

    }

    internal init() throws {

    }

    override init() {

    }

    required init() {

    }

    convenience init() {

    }

    public override init?() {
        super.init()
    }

    init(string: String) {
        
    }
}
~~~~~~~~~~~~~~~~~~~~~~~~~~~~~~~~~~~~~~~~~~~~~~~~~~~~~~~~~~~~~~~~~~~~~~~~~~~~~~~~
class SomeClass {
    init() {
    }

    public init() {
    }

    private init?() {
    }

    internal init() throws {
    }

    override init() {
    }

    required init() {
    }

    convenience init() {
    }

    public override init?() {
        super.init()
    }

    init(string: String) {
    }
}

`;
