// Jest Snapshot v1, https://goo.gl/fbAQLP

exports[`while.swift 1`] = `
while true {
    print("always")
}
~~~~~~~~~~~~~~~~~~~~~~~~~~~~~~~~~~~~~~~~~~~~~~~~~~~~~~~~~~~~~~~~~~~~~~~~~~~~~~~~
while true {
    print("always")
}

`;
