// Jest Snapshot v1, https://goo.gl/fbAQLP

exports[`preprocess.swift 1`] = `
// All these semicolons need to be stripped.
// If prettier is not aware of the preprocessing,
// it will create a blank line between b() and c() further below.
x;
x;
x;
x;
x;
x;
x;
x;
x;
x;
x;
x;
x;
x;
x;
x;
x;
x;
x;

a()
    .b()
    .c()
~~~~~~~~~~~~~~~~~~~~~~~~~~~~~~~~~~~~~~~~~~~~~~~~~~~~~~~~~~~~~~~~~~~~~~~~~~~~~~~~
// All these semicolons need to be stripped.
// If prettier is not aware of the preprocessing,
// it will create a blank line between b() and c() further below.
x
x
x
x
x
x
x
x
x
x
x
x
x
x
x
x
x
x
x

a()
    .b()
    .c()

`;
