// Jest Snapshot v1, https://goo.gl/fbAQLP

exports[`try.swift 1`] = `
try somethingDangerous()

_ = try? somethingDangerous()

let x = try? somethingDangerous()

try! somethingDangerous()

let x = try! somethingDangerous()

let theQuickBrownFoxJumpsOverTheLazyDog = try makeTheQuickBrownFoxJumpsOverTheLazyDog(fox: fox, dog: dog)

let theQuickBrownFoxJumpsOverTheLazyDog = try? makeTheQuickBrownFoxJumpsOverTheLazyDog(fox: fox, dog: dog)

let theQuickBrownFoxJumpsOverTheLazyDog = try! makeTheQuickBrownFoxJumpsOverTheLazyDog(fox: fox, dog: dog)
~~~~~~~~~~~~~~~~~~~~~~~~~~~~~~~~~~~~~~~~~~~~~~~~~~~~~~~~~~~~~~~~~~~~~~~~~~~~~~~~
try somethingDangerous()

_ = try? somethingDangerous()

let x = try? somethingDangerous()

try! somethingDangerous()

let x = try! somethingDangerous()

let theQuickBrownFoxJumpsOverTheLazyDog = try makeTheQuickBrownFoxJumpsOverTheLazyDog(
    fox: fox,
    dog: dog
)

let theQuickBrownFoxJumpsOverTheLazyDog = try? makeTheQuickBrownFoxJumpsOverTheLazyDog(
    fox: fox,
    dog: dog
)

let theQuickBrownFoxJumpsOverTheLazyDog = try! makeTheQuickBrownFoxJumpsOverTheLazyDog(
    fox: fox,
    dog: dog
)

`;
