// Jest Snapshot v1, https://goo.gl/fbAQLP

exports[`optional_chaining.swift 1`] = `
foo()?.bar()
~~~~~~~~~~~~~~~~~~~~~~~~~~~~~~~~~~~~~~~~~~~~~~~~~~~~~~~~~~~~~~~~~~~~~~~~~~~~~~~~
foo()?.bar()

`;
