// Jest Snapshot v1, https://goo.gl/fbAQLP

exports[`strings.swift 1`] = `
"string"

"inter\\(po)lated"

"""
multiline
  string
"""

"""
some
\\(
    multi
)
\\(line)
string
"""

"The quick brown fox jumps over the lazy dog. The \\(quick + brown) fox jumps over the \\(String(describing: lazy)) dog."

"""
The quick brown fox jumps over the lazy dog. The \\(quick + brown) fox jumps over the \\(String(describing: lazy)) dog.
"""
~~~~~~~~~~~~~~~~~~~~~~~~~~~~~~~~~~~~~~~~~~~~~~~~~~~~~~~~~~~~~~~~~~~~~~~~~~~~~~~~
"string"

"inter\\(po)lated"

"""
multiline
  string
"""

"""
some
\\(multi)
\\(line)
string
"""

"The quick brown fox jumps over the lazy dog. The \\(quick + brown) fox jumps over the \\(String(describing: lazy)) dog."

"""
The quick brown fox jumps over the lazy dog. The \\(quick + brown) fox jumps over the \\(String(describing: lazy)) dog.
"""

`;
