// Jest Snapshot v1, https://goo.gl/fbAQLP

exports[`chain.swift 1`] = `
chain // next to root
    .map({ true /* inside */ }) // same line as map
    .map { true }
    // after
    .map { true }
// after all
~~~~~~~~~~~~~~~~~~~~~~~~~~~~~~~~~~~~~~~~~~~~~~~~~~~~~~~~~~~~~~~~~~~~~~~~~~~~~~~~
chain // next to root
    .map({
        true /* inside */
    }) // same line as map
    .map { true }
    // after
    .map { true }
    // after all

`;

exports[`comments.swift 1`] = `
// before print("1")
print("1") // same line as print("1")
// after print("1")

print("2")

// with empty line

print("3")

print/* inside */(/* inside */"4")

print(
    "5" // after argument
)

chain
    // after root
    .map { true }
// after

self.map { true }

let answer = /* deep */ /* blue */ 42

let array = [
    0, // 0%
    25,
    50, // 50%,
    75,
    100 // 100%
]

if something {
    print("ifTrue")
}
// comment
else {
    print("ifFalse")
}

// asd
a()

// available-check
if #available(iOS 11.3, tvOS 11.3, *) {
    print("available")
}

class SomeClass {
    var property: String {
        get {
            // comment
            return "hello"
        }
    }
}

let loremIpsumDolorSitAmetConsecteturAdipiscingElitSedDoEiusmodTemporIncididuntUtLabore = [
    "loremIpsumDolorSitAmetConsecteturAdipiscing", // elitSedDoEiusmodTemporIncididuntUtLabore
    "loremIpsumDolorSitAmetConsecteturAdipiscing" // elitSedDoEiusmodTemporIncididuntUtLabore
]

private enum EditEvent : CustomDebugStringConvertible {
    case inserted // can't be found in old sections
}
~~~~~~~~~~~~~~~~~~~~~~~~~~~~~~~~~~~~~~~~~~~~~~~~~~~~~~~~~~~~~~~~~~~~~~~~~~~~~~~~
// before print("1")
print("1") // same line as print("1")
// after print("1")

print("2")

// with empty line

print("3")

print(/* inside */ /* inside */ "4")

print(
    "5" // after argument
)

chain
// after root
    .map { true }
    // after

self.map { true }

let answer = /* deep */ /* blue */ 42

let array = [
    0, // 0%
    25,
    50, // 50%,
    75,
    100 // 100%
]

if something {
    print("ifTrue")
} else // comment
{
    print("ifFalse")
}

// asd
a()

// available-check
if #available(iOS 11.3, tvOS 11.3, *) {
    print("available")
}

class SomeClass {
    var property: String {
        get {
            // comment
            return "hello"
        }
    }
}

let loremIpsumDolorSitAmetConsecteturAdipiscingElitSedDoEiusmodTemporIncididuntUtLabore = [
    "loremIpsumDolorSitAmetConsecteturAdipiscing", // elitSedDoEiusmodTemporIncididuntUtLabore
    "loremIpsumDolorSitAmetConsecteturAdipiscing" // elitSedDoEiusmodTemporIncididuntUtLabore
]

private enum EditEvent: CustomDebugStringConvertible {
    case inserted // can't be found in old sections
}

`;

exports[`only.swift 1`] = `
// Only comment
~~~~~~~~~~~~~~~~~~~~~~~~~~~~~~~~~~~~~~~~~~~~~~~~~~~~~~~~~~~~~~~~~~~~~~~~~~~~~~~~
// Only comment

`;
