// Jest Snapshot v1, https://goo.gl/fbAQLP

exports[`continue.swift 1`] = `
for i in 0...16 {
    continue
}
~~~~~~~~~~~~~~~~~~~~~~~~~~~~~~~~~~~~~~~~~~~~~~~~~~~~~~~~~~~~~~~~~~~~~~~~~~~~~~~~
for i in 0...16 {
    continue
}

`;
