// Jest Snapshot v1, https://goo.gl/fbAQLP

exports[`is.swift 1`] = `
if apple is Apple {
    print("Apple")
}
~~~~~~~~~~~~~~~~~~~~~~~~~~~~~~~~~~~~~~~~~~~~~~~~~~~~~~~~~~~~~~~~~~~~~~~~~~~~~~~~
if apple is Apple {
    print("Apple")
}

`;
