// Jest Snapshot v1, https://goo.gl/fbAQLP

exports[`chains.swift 1`] = `
Observable.just(theQuickBrownFoxJumpsOverTheLazyDog).map(
    theQuickBrownFoxJumpsOverTheLazyDog
)

Observable.just(theQuickBrownFoxJumpsOverTheLazyDog)
    .map(theQuickBrownFoxJumpsOverTheLazyDog)
    .map(theQuickBrownFoxJumpsOverTheLazyDog)
    .map(theQuickBrownFoxJumpsOverTheLazyDog)

Observable.using(resource) { return theQuickBrownFoxJumpsOverTheLazyDog }
    .map(theQuickBrownFoxJumpsOverTheLazyDog)

// The first line will be formatted weirdly,
// but prettier JS exposes the same issue.
TheQuickBrownFoxJumpsOverTheLazyDog<Foo>
    .map(theQuickBrownFoxJumpsOverTheLazyDog)
    .map(theQuickBrownFoxJumpsOverTheLazyDog)
    .map(theQuickBrownFoxJumpsOverTheLazyDog)
~~~~~~~~~~~~~~~~~~~~~~~~~~~~~~~~~~~~~~~~~~~~~~~~~~~~~~~~~~~~~~~~~~~~~~~~~~~~~~~~
Observable.just(theQuickBrownFoxJumpsOverTheLazyDog).map(
    theQuickBrownFoxJumpsOverTheLazyDog
)

Observable.just(theQuickBrownFoxJumpsOverTheLazyDog)
    .map(theQuickBrownFoxJumpsOverTheLazyDog)
    .map(theQuickBrownFoxJumpsOverTheLazyDog)
    .map(theQuickBrownFoxJumpsOverTheLazyDog)

Observable.using(resource) {
    return theQuickBrownFoxJumpsOverTheLazyDog
}.map(theQuickBrownFoxJumpsOverTheLazyDog)

// The first line will be formatted weirdly,
// but prettier JS exposes the same issue.
TheQuickBrownFoxJumpsOverTheLazyDog<Foo>.map(
    theQuickBrownFoxJumpsOverTheLazyDog
)
    .map(theQuickBrownFoxJumpsOverTheLazyDog)
    .map(theQuickBrownFoxJumpsOverTheLazyDog)

`;
