// Jest Snapshot v1, https://goo.gl/fbAQLP

exports[`wildcard.swift 1`] = `
for _ in 1...3 {
    print("Ping")
}
~~~~~~~~~~~~~~~~~~~~~~~~~~~~~~~~~~~~~~~~~~~~~~~~~~~~~~~~~~~~~~~~~~~~~~~~~~~~~~~~
for _ in 1...3 {
    print("Ping")
}

`;
